<?xml version="1.0" ?>
<annotation>
   <folder/>
   <filename>car_1.xml</filename>
   <path/>
   <source>
      <database>Kili Technology</database>
   </source>
   <size>
      <width>1920</width>
      <height>1080</height>
      <depth>3</depth>
   </size>
   <segmented/>
   <object>
      <name>OBJECT_A</name>
      <job_name>JOB_0</job_name>
      <pose>Unspecified</pose>
      <truncated>0</truncated>
      <difficult>0</difficult>
      <occluded>0</occluded>
      <bndbox>
         <xmin>317</xmin>
         <xmax>1609</xmax>
         <ymin>281</ymin>
         <ymax>863</ymax>
      </bndbox>
   </object>
</annotation>
